
Started at: 2020-03-26 14:54:13.091805